./original_1/evaluation_report.json: OK
./original_1/forward_passes.pt: OK
./original_1/pass_00.pt: OK
./original_1/pass_01.pt: OK
./original_1/pass_02.pt: OK
./original_1/pass_03.pt: OK
./original_1/pass_04.pt: OK
./original_2/evaluation_report.json: OK
./original_2/forward_passes.pt: OK
./original_2/pass_00.pt: OK
./original_2/pass_01.pt: OK
./original_2/pass_02.pt: OK
./original_2/pass_03.pt: OK
./original_2/pass_04.pt: OK
./prepared/input_manifest.json: OK
./prepared_recovered/input_manifest.json: OK
./prepared_recovered/input_snapshot.pt: OK
./recovery_worker.log: OK
./recovery_worker_exit.txt: OK
./recovery_worker_finished.txt: OK
./recovery_worker_started.txt: OK
./run_diagnostic.sh: OK
./run_recovered_diagnostic.sh: OK
./runtime_preflight.json: OK
./runtime_preflight.py: OK
./strict_1/evaluation_report.json: OK
./strict_1/forward_passes.pt: OK
./strict_1/pass_00.pt: OK
./strict_1/pass_01.pt: OK
./strict_1/pass_02.pt: OK
./strict_1/pass_03.pt: OK
./strict_1/pass_04.pt: OK
./strict_2/evaluation_report.json: OK
./strict_2/forward_passes.pt: OK
./strict_2/pass_00.pt: OK
./strict_2/pass_01.pt: OK
./strict_2/pass_02.pt: OK
./strict_2/pass_03.pt: OK
./strict_2/pass_04.pt: OK
./worker.log: OK
./worker_exit.txt: OK
./worker_started.txt: OK
