Omitting conservative node features: biotite_residue_sasa, custom_charge_distance_proxy, dpka_titr
[LOAD] Parsing 3992 structures from /home/mechti/deepmzyme_data/pmm/train_and_test_sets_structures_zenodo_pmm_exact/train (metal_example_unit=ion, workers=4 from --load-workers)
[LOAD] parse cache: /home/mechti/deepmzyme_runs/pmm_ion_metal_v2_context/parse_cache/e7426c1accc48e8d51f2
[LOAD] 250/3992 structures (12.0/s, 0.3 min elapsed, ~5.2 min remaining), 411 examples so far
[LOAD] 500/3992 structures (14.3/s, 0.6 min elapsed, ~4.1 min remaining), 917 examples so far
[LOAD] 750/3992 structures (15.8/s, 0.8 min elapsed, ~3.4 min remaining), 1299 examples so far
[LOAD] 1000/3992 structures (15.5/s, 1.1 min elapsed, ~3.2 min remaining), 1760 examples so far
[LOAD] 1250/3992 structures (15.4/s, 1.4 min elapsed, ~3.0 min remaining), 2258 examples so far
[LOAD] 1500/3992 structures (15.6/s, 1.6 min elapsed, ~2.7 min remaining), 2667 examples so far
[LOAD] 1750/3992 structures (15.0/s, 1.9 min elapsed, ~2.5 min remaining), 3150 examples so far
[LOAD] 2000/3992 structures (15.6/s, 2.1 min elapsed, ~2.1 min remaining), 3609 examples so far
[LOAD] 2250/3992 structures (15.4/s, 2.4 min elapsed, ~1.9 min remaining), 4073 examples so far
[LOAD] 2500/3992 structures (15.1/s, 2.8 min elapsed, ~1.6 min remaining), 4531 examples so far
[LOAD] 2750/3992 structures (14.5/s, 3.2 min elapsed, ~1.4 min remaining), 5007 examples so far
[LOAD] 3000/3992 structures (14.3/s, 3.5 min elapsed, ~1.2 min remaining), 5394 examples so far
[LOAD] 3250/3992 structures (13.5/s, 4.0 min elapsed, ~0.9 min remaining), 5908 examples so far
[LOAD] 3500/3992 structures (13.5/s, 4.3 min elapsed, ~0.6 min remaining), 6390 examples so far
[LOAD] 3750/3992 structures (13.2/s, 4.7 min elapsed, ~0.3 min remaining), 6879 examples so far
[LOAD] 3992/3992 structures (12.7/s, 5.2 min elapsed, ~0.0 min remaining), 7396 examples so far
[LOAD] Finished parsing 3992 structures in 5.3 min: 7398 examples, 0 invalid structures

=== Split diagnostics (passive; training behavior unchanged) ===
task=metal train_val_split_by=pdbid val_fraction=0.0 n_folds=5 fold_index=0 model_seed=42 split_seed=42
pockets: train=5906 validation=1492
groups by pdbid: train=3797 validation=195
train/validation overlap counts: pdbid=0, pdbid_chain=0, structure_id=0, pocket_id=0
leakage guard: split_by=pdbid keeps every chain and pocket from the same PDB entry on one side of train/validation, so pdbid_chain overlap is also blocked. This guards repeated or binuclear same-chain metal sites from leaking into validation.
train metal distribution: Mn=1790, Cu=304, Zn=1851, Fe=1355, Co=248, Ni=358
validation metal distribution: Mn=738, Cu=39, Zn=181, Fe=382, Co=35, Ni=117
missing train metal classes: none
missing validation metal classes: none
train EC distribution: 0=5906
validation EC distribution: 0=1492
missing train EC classes: none
missing validation EC classes: none
===============================================================

[GRAPH-CACHE] processed=500/5906 hits=0 misses=500 seconds=64.24
[GRAPH-CACHE] processed=1000/5906 hits=0 misses=1000 seconds=129.62
[GRAPH-CACHE] processed=1500/5906 hits=0 misses=1500 seconds=188.23
[GRAPH-CACHE] processed=2000/5906 hits=0 misses=2000 seconds=252.73
[GRAPH-CACHE] processed=2500/5906 hits=0 misses=2500 seconds=315.68
[GRAPH-CACHE] processed=3000/5906 hits=0 misses=3000 seconds=380.41
[GRAPH-CACHE] processed=3500/5906 hits=0 misses=3500 seconds=442.86
[GRAPH-CACHE] processed=4000/5906 hits=0 misses=4000 seconds=500.83
[GRAPH-CACHE] processed=4500/5906 hits=0 misses=4500 seconds=561.84
[GRAPH-CACHE] processed=5000/5906 hits=0 misses=5000 seconds=622.27
[GRAPH-CACHE] processed=5500/5906 hits=0 misses=5500 seconds=681.27
[GRAPH-CACHE] hits=0 misses=5906 seconds=727.77 namespace=/home/mechti/deepmzyme_runs/pmm_ion_metal_v2_context/raw_graph_cache/117d3f2d78b3429930bcc78491821c7352c89d5e488b7df0ab3715b32c5c0f0f
[GRAPH-CACHE] processed=500/1492 hits=0 misses=500 seconds=69.30
[GRAPH-CACHE] processed=1000/1492 hits=0 misses=1000 seconds=136.46
[GRAPH-CACHE] hits=0 misses=1492 seconds=200.24 namespace=/home/mechti/deepmzyme_runs/pmm_ion_metal_v2_context/raw_graph_cache/117d3f2d78b3429930bcc78491821c7352c89d5e488b7df0ab3715b32c5c0f0f
epoch=1 train_loss=1.3862 lr=0.0003 val_loss=1.0261 val_metal_acc=0.6743 val_metal_bal_acc=0.3764 val_metal_min_recall=0.0000 val_fe_recall=0.3979 val_joint_bal_acc=0.3764 val_joint_macro_f1=0.3484 metal_loss_scale=1.0000 ec_loss_scale=1.0000
epoch=2 train_loss=1.1008 lr=0.0003 val_loss=0.9344 val_metal_acc=0.7051 val_metal_bal_acc=0.4665 val_metal_min_recall=0.0000 val_fe_recall=0.4895 val_joint_bal_acc=0.4665 val_joint_macro_f1=0.4555 metal_loss_scale=1.0000 ec_loss_scale=1.0000
epoch=3 train_loss=0.9572 lr=0.0003 val_loss=0.8179 val_metal_acc=0.7708 val_metal_bal_acc=0.5885 val_metal_min_recall=0.0000 val_fe_recall=0.7592 val_joint_bal_acc=0.5885 val_joint_macro_f1=0.5411 metal_loss_scale=1.0000 ec_loss_scale=1.0000
epoch=4 train_loss=0.9046 lr=0.0003 val_loss=0.9023 val_metal_acc=0.7634 val_metal_bal_acc=0.5569 val_metal_min_recall=0.0000 val_fe_recall=0.6309 val_joint_bal_acc=0.5569 val_joint_macro_f1=0.5357 metal_loss_scale=1.0000 ec_loss_scale=1.0000
epoch=5 train_loss=0.8713 lr=0.0003 val_loss=1.0367 val_metal_acc=0.6803 val_metal_bal_acc=0.5215 val_metal_min_recall=0.0000 val_fe_recall=0.7147 val_joint_bal_acc=0.5215 val_joint_macro_f1=0.5087 metal_loss_scale=1.0000 ec_loss_scale=1.0000
epoch=6 train_loss=0.8131 lr=0.0003 val_loss=1.0579 val_metal_acc=0.6796 val_metal_bal_acc=0.5374 val_metal_min_recall=0.0000 val_fe_recall=0.8298 val_joint_bal_acc=0.5374 val_joint_macro_f1=0.4997 metal_loss_scale=1.0000 ec_loss_scale=1.0000
epoch=7 train_loss=0.7768 lr=0.0003 val_loss=1.1238 val_metal_acc=0.6213 val_metal_bal_acc=0.5178 val_metal_min_recall=0.0000 val_fe_recall=0.6728 val_joint_bal_acc=0.5178 val_joint_macro_f1=0.4343 metal_loss_scale=1.0000 ec_loss_scale=1.0000
epoch=8 train_loss=0.7461 lr=0.0003 val_loss=1.0434 val_metal_acc=0.6481 val_metal_bal_acc=0.5586 val_metal_min_recall=0.0000 val_fe_recall=0.8508 val_joint_bal_acc=0.5586 val_joint_macro_f1=0.4841 metal_loss_scale=1.0000 ec_loss_scale=1.0000
epoch=9 train_loss=0.7054 lr=0.0003 val_loss=1.0850 val_metal_acc=0.6227 val_metal_bal_acc=0.5163 val_metal_min_recall=0.0000 val_fe_recall=0.5916 val_joint_bal_acc=0.5163 val_joint_macro_f1=0.4763 metal_loss_scale=1.0000 ec_loss_scale=1.0000
epoch=10 train_loss=0.6526 lr=0.0003 train_metal_acc=0.7755 val_loss=0.8504 val_metal_acc=0.7500 val_metal_bal_acc=0.5617 val_metal_min_recall=0.0000 val_fe_recall=0.6152 val_joint_bal_acc=0.5617 val_joint_macro_f1=0.5129 metal_loss_scale=1.0000 ec_loss_scale=1.0000
epoch=11 train_loss=0.6218 lr=0.0003 val_loss=1.0802 val_metal_acc=0.5932 val_metal_bal_acc=0.5363 val_metal_min_recall=0.0085 val_fe_recall=0.8089 val_joint_bal_acc=0.5363 val_joint_macro_f1=0.4751 metal_loss_scale=1.0000 ec_loss_scale=1.0000
epoch=12 train_loss=0.5956 lr=0.0003 val_loss=0.9340 val_metal_acc=0.6863 val_metal_bal_acc=0.5330 val_metal_min_recall=0.0000 val_fe_recall=0.6178 val_joint_bal_acc=0.5330 val_joint_macro_f1=0.4868 metal_loss_scale=1.0000 ec_loss_scale=1.0000
epoch=13 train_loss=0.5687 lr=0.0003 val_loss=1.3189 val_metal_acc=0.5818 val_metal_bal_acc=0.4999 val_metal_min_recall=0.0286 val_fe_recall=0.7094 val_joint_bal_acc=0.4999 val_joint_macro_f1=0.4180 metal_loss_scale=1.0000 ec_loss_scale=1.0000
epoch=14 train_loss=0.5263 lr=0.0003 val_loss=1.1667 val_metal_acc=0.6300 val_metal_bal_acc=0.4956 val_metal_min_recall=0.0286 val_fe_recall=0.5969 val_joint_bal_acc=0.4956 val_joint_macro_f1=0.4799 metal_loss_scale=1.0000 ec_loss_scale=1.0000
epoch=15 train_loss=0.4867 lr=0.0003 val_loss=1.5100 val_metal_acc=0.4946 val_metal_bal_acc=0.4848 val_metal_min_recall=0.0855 val_fe_recall=0.4136 val_joint_bal_acc=0.4848 val_joint_macro_f1=0.4377 metal_loss_scale=1.0000 ec_loss_scale=1.0000
epoch=16 train_loss=0.4691 lr=0.0003 val_loss=1.2494 val_metal_acc=0.5958 val_metal_bal_acc=0.5044 val_metal_min_recall=0.0598 val_fe_recall=0.4817 val_joint_bal_acc=0.5044 val_joint_macro_f1=0.4153 metal_loss_scale=1.0000 ec_loss_scale=1.0000
epoch=17 train_loss=0.4429 lr=0.0003 val_loss=0.9620 val_metal_acc=0.6555 val_metal_bal_acc=0.6064 val_metal_min_recall=0.1429 val_fe_recall=0.7225 val_joint_bal_acc=0.6064 val_joint_macro_f1=0.5755 metal_loss_scale=1.0000 ec_loss_scale=1.0000
epoch=18 train_loss=0.4136 lr=0.0003 val_loss=1.2053 val_metal_acc=0.6334 val_metal_bal_acc=0.5069 val_metal_min_recall=0.0085 val_fe_recall=0.4424 val_joint_bal_acc=0.5069 val_joint_macro_f1=0.4556 metal_loss_scale=1.0000 ec_loss_scale=1.0000
epoch=19 train_loss=0.3723 lr=0.0003 val_loss=1.0965 val_metal_acc=0.6521 val_metal_bal_acc=0.5723 val_metal_min_recall=0.0286 val_fe_recall=0.5864 val_joint_bal_acc=0.5723 val_joint_macro_f1=0.5110 metal_loss_scale=1.0000 ec_loss_scale=1.0000
epoch=20 train_loss=0.3505 lr=0.0003 train_metal_acc=0.8759 val_loss=1.5379 val_metal_acc=0.5550 val_metal_bal_acc=0.4683 val_metal_min_recall=0.0000 val_fe_recall=0.5183 val_joint_bal_acc=0.4683 val_joint_macro_f1=0.4206 metal_loss_scale=1.0000 ec_loss_scale=1.0000
epoch=21 train_loss=0.3342 lr=0.0003 val_loss=1.4420 val_metal_acc=0.6193 val_metal_bal_acc=0.5404 val_metal_min_recall=0.0256 val_fe_recall=0.5576 val_joint_bal_acc=0.5404 val_joint_macro_f1=0.4880 metal_loss_scale=1.0000 ec_loss_scale=1.0000
epoch=22 train_loss=0.3046 lr=0.0003 val_loss=1.3049 val_metal_acc=0.6146 val_metal_bal_acc=0.4918 val_metal_min_recall=0.0571 val_fe_recall=0.6126 val_joint_bal_acc=0.4918 val_joint_macro_f1=0.4157 metal_loss_scale=1.0000 ec_loss_scale=1.0000
epoch=23 train_loss=0.3004 lr=0.0003 val_loss=1.1177 val_metal_acc=0.6823 val_metal_bal_acc=0.6067 val_metal_min_recall=0.2571 val_fe_recall=0.5864 val_joint_bal_acc=0.6067 val_joint_macro_f1=0.5872 metal_loss_scale=1.0000 ec_loss_scale=1.0000
epoch=24 train_loss=0.2708 lr=0.0003 val_loss=1.5288 val_metal_acc=0.6039 val_metal_bal_acc=0.5162 val_metal_min_recall=0.0342 val_fe_recall=0.6466 val_joint_bal_acc=0.5162 val_joint_macro_f1=0.4493 metal_loss_scale=1.0000 ec_loss_scale=1.0000
epoch=25 train_loss=0.2710 lr=0.0003 val_loss=1.5561 val_metal_acc=0.5389 val_metal_bal_acc=0.4870 val_metal_min_recall=0.0513 val_fe_recall=0.6545 val_joint_bal_acc=0.4870 val_joint_macro_f1=0.4524 metal_loss_scale=1.0000 ec_loss_scale=1.0000
epoch=26 train_loss=0.2384 lr=0.0003 val_loss=1.5903 val_metal_acc=0.6253 val_metal_bal_acc=0.4983 val_metal_min_recall=0.0256 val_fe_recall=0.5288 val_joint_bal_acc=0.4983 val_joint_macro_f1=0.4699 metal_loss_scale=1.0000 ec_loss_scale=1.0000
epoch=27 train_loss=0.2427 lr=0.0003 val_loss=1.7804 val_metal_acc=0.5462 val_metal_bal_acc=0.5388 val_metal_min_recall=0.2286 val_fe_recall=0.4241 val_joint_bal_acc=0.5388 val_joint_macro_f1=0.4520 metal_loss_scale=1.0000 ec_loss_scale=1.0000
epoch=28 train_loss=0.1934 lr=0.0003 val_loss=1.3184 val_metal_acc=0.7158 val_metal_bal_acc=0.5842 val_metal_min_recall=0.0571 val_fe_recall=0.6152 val_joint_bal_acc=0.5842 val_joint_macro_f1=0.5809 metal_loss_scale=1.0000 ec_loss_scale=1.0000
epoch=29 train_loss=0.2101 lr=0.0003 val_loss=1.8165 val_metal_acc=0.6146 val_metal_bal_acc=0.5380 val_metal_min_recall=0.0684 val_fe_recall=0.5445 val_joint_bal_acc=0.5380 val_joint_macro_f1=0.4428 metal_loss_scale=1.0000 ec_loss_scale=1.0000
epoch=30 train_loss=0.1978 lr=0.0003 train_metal_acc=0.9621 val_loss=1.4967 val_metal_acc=0.6622 val_metal_bal_acc=0.5922 val_metal_min_recall=0.0855 val_fe_recall=0.7958 val_joint_bal_acc=0.5922 val_joint_macro_f1=0.5413 metal_loss_scale=1.0000 ec_loss_scale=1.0000
epoch=31 train_loss=0.1748 lr=0.0003 val_loss=1.3890 val_metal_acc=0.6997 val_metal_bal_acc=0.6363 val_metal_min_recall=0.1880 val_fe_recall=0.7565 val_joint_bal_acc=0.6363 val_joint_macro_f1=0.5749 metal_loss_scale=1.0000 ec_loss_scale=1.0000
epoch=32 train_loss=0.1625 lr=0.0003 val_loss=1.6753 val_metal_acc=0.6689 val_metal_bal_acc=0.5939 val_metal_min_recall=0.0171 val_fe_recall=0.7880 val_joint_bal_acc=0.5939 val_joint_macro_f1=0.5142 metal_loss_scale=1.0000 ec_loss_scale=1.0000
epoch=33 train_loss=0.1799 lr=0.0003 val_loss=2.0652 val_metal_acc=0.6454 val_metal_bal_acc=0.5701 val_metal_min_recall=0.1197 val_fe_recall=0.6623 val_joint_bal_acc=0.5701 val_joint_macro_f1=0.5504 metal_loss_scale=1.0000 ec_loss_scale=1.0000
epoch=34 train_loss=0.1587 lr=0.0003 val_loss=1.3050 val_metal_acc=0.7239 val_metal_bal_acc=0.5919 val_metal_min_recall=0.0857 val_fe_recall=0.7304 val_joint_bal_acc=0.5919 val_joint_macro_f1=0.5632 metal_loss_scale=1.0000 ec_loss_scale=1.0000
epoch=35 train_loss=0.1672 lr=0.0003 val_loss=1.4484 val_metal_acc=0.7272 val_metal_bal_acc=0.5746 val_metal_min_recall=0.1026 val_fe_recall=0.7199 val_joint_bal_acc=0.5746 val_joint_macro_f1=0.5492 metal_loss_scale=1.0000 ec_loss_scale=1.0000
epoch=36 train_loss=0.1493 lr=0.0003 val_loss=1.5719 val_metal_acc=0.6950 val_metal_bal_acc=0.5894 val_metal_min_recall=0.0769 val_fe_recall=0.6466 val_joint_bal_acc=0.5894 val_joint_macro_f1=0.5403 metal_loss_scale=1.0000 ec_loss_scale=1.0000
epoch=37 train_loss=0.1547 lr=0.0003 val_loss=1.4766 val_metal_acc=0.6890 val_metal_bal_acc=0.6029 val_metal_min_recall=0.0769 val_fe_recall=0.6832 val_joint_bal_acc=0.6029 val_joint_macro_f1=0.5533 metal_loss_scale=1.0000 ec_loss_scale=1.0000
epoch=38 train_loss=0.1515 lr=0.0003 val_loss=1.3927 val_metal_acc=0.6803 val_metal_bal_acc=0.6139 val_metal_min_recall=0.0940 val_fe_recall=0.6623 val_joint_bal_acc=0.6139 val_joint_macro_f1=0.5568 metal_loss_scale=1.0000 ec_loss_scale=1.0000
epoch=39 train_loss=0.1274 lr=0.0003 val_loss=2.2680 val_metal_acc=0.6629 val_metal_bal_acc=0.5626 val_metal_min_recall=0.0940 val_fe_recall=0.7094 val_joint_bal_acc=0.5626 val_joint_macro_f1=0.5285 metal_loss_scale=1.0000 ec_loss_scale=1.0000
epoch=40 train_loss=0.1313 lr=0.0003 train_metal_acc=0.9714 val_loss=2.2760 val_metal_acc=0.6206 val_metal_bal_acc=0.5325 val_metal_min_recall=0.0598 val_fe_recall=0.6623 val_joint_bal_acc=0.5325 val_joint_macro_f1=0.4759 metal_loss_scale=1.0000 ec_loss_scale=1.0000
epoch=41 train_loss=0.1336 lr=0.0003 val_loss=1.9055 val_metal_acc=0.6582 val_metal_bal_acc=0.5198 val_metal_min_recall=0.0286 val_fe_recall=0.7618 val_joint_bal_acc=0.5198 val_joint_macro_f1=0.4821 metal_loss_scale=1.0000 ec_loss_scale=1.0000
epoch=42 train_loss=0.1325 lr=0.0003 val_loss=2.4680 val_metal_acc=0.6086 val_metal_bal_acc=0.5611 val_metal_min_recall=0.1880 val_fe_recall=0.6937 val_joint_bal_acc=0.5611 val_joint_macro_f1=0.4774 metal_loss_scale=1.0000 ec_loss_scale=1.0000
epoch=43 train_loss=0.1394 lr=0.0003 val_loss=2.4642 val_metal_acc=0.6233 val_metal_bal_acc=0.5631 val_metal_min_recall=0.1624 val_fe_recall=0.6806 val_joint_bal_acc=0.5631 val_joint_macro_f1=0.5014 metal_loss_scale=1.0000 ec_loss_scale=1.0000
epoch=44 train_loss=0.1314 lr=0.0003 val_loss=1.8064 val_metal_acc=0.7111 val_metal_bal_acc=0.6061 val_metal_min_recall=0.1453 val_fe_recall=0.7147 val_joint_bal_acc=0.6061 val_joint_macro_f1=0.5890 metal_loss_scale=1.0000 ec_loss_scale=1.0000
epoch=45 train_loss=0.1171 lr=0.0003 val_loss=2.1835 val_metal_acc=0.6863 val_metal_bal_acc=0.5839 val_metal_min_recall=0.0598 val_fe_recall=0.7147 val_joint_bal_acc=0.5839 val_joint_macro_f1=0.5551 metal_loss_scale=1.0000 ec_loss_scale=1.0000
epoch=46 train_loss=0.1232 lr=0.0003 val_loss=1.5823 val_metal_acc=0.7440 val_metal_bal_acc=0.6295 val_metal_min_recall=0.1880 val_fe_recall=0.7670 val_joint_bal_acc=0.6295 val_joint_macro_f1=0.6215 metal_loss_scale=1.0000 ec_loss_scale=1.0000
epoch=47 train_loss=0.1182 lr=0.0003 val_loss=1.8757 val_metal_acc=0.6803 val_metal_bal_acc=0.6023 val_metal_min_recall=0.2991 val_fe_recall=0.6859 val_joint_bal_acc=0.6023 val_joint_macro_f1=0.5895 metal_loss_scale=1.0000 ec_loss_scale=1.0000
epoch=48 train_loss=0.1155 lr=0.0003 val_loss=2.4157 val_metal_acc=0.6039 val_metal_bal_acc=0.5389 val_metal_min_recall=0.0342 val_fe_recall=0.5000 val_joint_bal_acc=0.5389 val_joint_macro_f1=0.4364 metal_loss_scale=1.0000 ec_loss_scale=1.0000
epoch=49 train_loss=0.1128 lr=0.0003 val_loss=1.6016 val_metal_acc=0.7151 val_metal_bal_acc=0.5922 val_metal_min_recall=0.0513 val_fe_recall=0.6178 val_joint_bal_acc=0.5922 val_joint_macro_f1=0.5438 metal_loss_scale=1.0000 ec_loss_scale=1.0000
epoch=50 train_loss=0.1255 lr=0.0003 train_metal_acc=0.9633 val_loss=2.5197 val_metal_acc=0.6944 val_metal_bal_acc=0.5187 val_metal_min_recall=0.0571 val_fe_recall=0.6990 val_joint_bal_acc=0.5187 val_joint_macro_f1=0.4890 metal_loss_scale=1.0000 ec_loss_scale=1.0000
Saved checkpoint to /home/mechti/deepmzyme_runs/pmm_ion_metal_v2_context/runs/only_gvp__six_class__none__fold0__seed42/last_model_checkpoint.pt
Saved best checkpoint to /home/mechti/deepmzyme_runs/pmm_ion_metal_v2_context/runs/only_gvp__six_class__none__fold0__seed42/best_model_checkpoint.pt
Saved dataset summary to /home/mechti/deepmzyme_runs/pmm_ion_metal_v2_context/runs/only_gvp__six_class__none__fold0__seed42/dataset_summary.json
Saved run config to /home/mechti/deepmzyme_runs/pmm_ion_metal_v2_context/runs/only_gvp__six_class__none__fold0__seed42/run_config.json
Saved run metadata to /home/mechti/deepmzyme_runs/pmm_ion_metal_v2_context/runs/only_gvp__six_class__none__fold0__seed42/run_metadata.json
[GRAPH-CACHE] processed=500/1492 hits=0 misses=500 seconds=70.96
[GRAPH-CACHE] processed=1000/1492 hits=0 misses=1000 seconds=140.17
[GRAPH-CACHE] hits=0 misses=1492 seconds=205.72 namespace=/home/mechti/deepmzyme_runs/pmm_ion_metal_v2_context/raw_graph_cache/117d3f2d78b3429930bcc78491821c7352c89d5e488b7df0ab3715b32c5c0f0f
Traceback (most recent call last):
  File "/home/mechti/projects/DeepMzyme/src/export_validation_predictions.py", line 611, in <module>
    main()
  File "/home/mechti/projects/DeepMzyme/src/export_validation_predictions.py", line 562, in main
    receipt = replay_campaign_run(args.campaign_run_dir, device=args.device, output_dir=args.output_dir,
              ^^^^^^^^^^^^^^^^^^^^^^^^^^^^^^^^^^^^^^^^^^^^^^^^^^^^^^^^^^^^^^^^^^^^^^^^^^^^^^^^^^^^^^^^^^
  File "/home/mechti/projects/DeepMzyme/src/training/campaign_runtime.py", line 363, in replay_campaign_run
    raise CampaignContractError(f"Independent replay differs at {uid}/{key}")
training.campaign_runtime.CampaignContractError: Independent replay differs at sha256:4748babd2b6ac0706cd9ed4bcfd4855c8d2c5535f01813fb2e10b68b31a24c0f:row:6585/p_native_Mn
[GRAPH-CACHE] processed=500/1492 hits=500 misses=0 seconds=2.75
[GRAPH-CACHE] processed=1000/1492 hits=1000 misses=0 seconds=6.07
[GRAPH-CACHE] hits=1492 misses=0 seconds=8.51 namespace=/home/mechti/deepmzyme_runs/pmm_ion_metal_v2_context/raw_graph_cache/117d3f2d78b3429930bcc78491821c7352c89d5e488b7df0ab3715b32c5c0f0f
Traceback (most recent call last):
  File "/home/mechti/projects/DeepMzyme/src/export_validation_predictions.py", line 611, in <module>
    main()
  File "/home/mechti/projects/DeepMzyme/src/export_validation_predictions.py", line 562, in main
    receipt = replay_campaign_run(args.campaign_run_dir, device=args.device, output_dir=args.output_dir,
              ^^^^^^^^^^^^^^^^^^^^^^^^^^^^^^^^^^^^^^^^^^^^^^^^^^^^^^^^^^^^^^^^^^^^^^^^^^^^^^^^^^^^^^^^^^
  File "/home/mechti/projects/DeepMzyme/src/training/campaign_runtime.py", line 363, in replay_campaign_run
    raise CampaignContractError(f"Independent replay differs at {uid}/{key}")
training.campaign_runtime.CampaignContractError: Independent replay differs at sha256:4748babd2b6ac0706cd9ed4bcfd4855c8d2c5535f01813fb2e10b68b31a24c0f:row:5694/p_native_Fe
