{"python": "3.13.15 (main, Aug  6 2026, 11:06:22) [GCC 13.3.0]", "executable": "/usr/bin/python3", "torch": "2.11.0+cu128", "cuda": "12.8", "gpu": "NVIDIA RTX PRO 6000 Blackwell Server Edition", "required_architecture": "sm_120", "compiled_architectures": ["sm_75", "sm_80", "sm_86", "sm_90", "sm_100", "sm_120"]}
Collecting torch-geometric==2.7.0 (from -r /content/DeepMzyme_metal_pilot/requirements/colab-overlay.txt (line 2))
  Downloading torch_geometric-2.7.0-py3-none-any.whl.metadata (63 kB)
     ━━━━━━━━━━━━━━━━━━━━━━━━━━━━━━━━━━━━━━━━ 63.7/63.7 kB 5.2 MB/s eta 0:00:00
Collecting biopython==1.86 (from -r /content/DeepMzyme_metal_pilot/requirements/colab-overlay.txt (line 3))
  Downloading biopython-1.86-cp313-cp313-manylinux2014_x86_64.manylinux_2_17_x86_64.manylinux_2_28_x86_64.whl.metadata (13 kB)
Collecting biotite==1.6.0 (from -r /content/DeepMzyme_metal_pilot/requirements/colab-overlay.txt (line 4))
  Downloading biotite-1.6.0-cp313-cp313-manylinux_2_24_x86_64.manylinux_2_28_x86_64.whl.metadata (5.5 kB)
Collecting propka==3.5.1 (from -r /content/DeepMzyme_metal_pilot/requirements/colab-overlay.txt (line 5))
  Downloading propka-3.5.1-py3-none-any.whl.metadata (2.1 kB)
Collecting gemmi==0.7.3 (from -r /content/DeepMzyme_metal_pilot/requirements/colab-overlay.txt (line 6))
  Downloading gemmi-0.7.3-cp313-cp313-manylinux_2_27_x86_64.manylinux_2_28_x86_64.whl.metadata (2.3 kB)
Collecting numpy==2.4.4 (from -r /content/DeepMzyme_metal_pilot/requirements/colab-overlay.txt (line 7))
  Downloading numpy-2.4.4-cp313-cp313-manylinux_2_27_x86_64.manylinux_2_28_x86_64.whl.metadata (6.6 kB)
Collecting scikit-learn==1.8.0 (from -r /content/DeepMzyme_metal_pilot/requirements/colab-overlay.txt (line 8))
  Downloading scikit_learn-1.8.0-cp313-cp313-manylinux_2_27_x86_64.manylinux_2_28_x86_64.whl.metadata (11 kB)
Collecting optuna==4.8.0 (from -r /content/DeepMzyme_metal_pilot/requirements/colab-overlay.txt (line 9))
  Downloading optuna-4.8.0-py3-none-any.whl.metadata (17 kB)
Collecting pandas==3.0.1 (from -r /content/DeepMzyme_metal_pilot/requirements/colab-overlay.txt (line 10))
  Downloading pandas-3.0.1-cp313-cp313-manylinux_2_24_x86_64.manylinux_2_28_x86_64.whl.metadata (79 kB)
     ━━━━━━━━━━━━━━━━━━━━━━━━━━━━━━━━━━━━━━━━ 79.5/79.5 kB 10.4 MB/s eta 0:00:00
Collecting matplotlib==3.10.9 (from -r /content/DeepMzyme_metal_pilot/requirements/colab-overlay.txt (line 11))
  Downloading matplotlib-3.10.9-cp313-cp313-manylinux2014_x86_64.manylinux_2_17_x86_64.whl.metadata (52 kB)
     ━━━━━━━━━━━━━━━━━━━━━━━━━━━━━━━━━━━━━━━━ 52.8/52.8 kB 6.3 MB/s eta 0:00:00
Requirement already satisfied: aiohttp in /usr/local/lib/python3.13/dist-packages (from torch-geometric==2.7.0->-r /content/DeepMzyme_metal_pilot/requirements/colab-overlay.txt (line 2)) (3.14.3)
Requirement already satisfied: fsspec in /usr/local/lib/python3.13/dist-packages (from torch-geometric==2.7.0->-r /content/DeepMzyme_metal_pilot/requirements/colab-overlay.txt (line 2)) (2025.12.0)
Requirement already satisfied: jinja2 in /usr/local/lib/python3.13/dist-packages (from torch-geometric==2.7.0->-r /content/DeepMzyme_metal_pilot/requirements/colab-overlay.txt (line 2)) (3.1.6)
Requirement already satisfied: psutil>=5.8.0 in /usr/local/lib/python3.13/dist-packages (from torch-geometric==2.7.0->-r /content/DeepMzyme_metal_pilot/requirements/colab-overlay.txt (line 2)) (5.9.5)
Requirement already satisfied: pyparsing in /usr/local/lib/python3.13/dist-packages (from torch-geometric==2.7.0->-r /content/DeepMzyme_metal_pilot/requirements/colab-overlay.txt (line 2)) (3.3.2)
Requirement already satisfied: requests in /usr/local/lib/python3.13/dist-packages (from torch-geometric==2.7.0->-r /content/DeepMzyme_metal_pilot/requirements/colab-overlay.txt (line 2)) (2.32.4)
Requirement already satisfied: tqdm in /usr/local/lib/python3.13/dist-packages (from torch-geometric==2.7.0->-r /content/DeepMzyme_metal_pilot/requirements/colab-overlay.txt (line 2)) (4.67.3)
Requirement already satisfied: xxhash in /usr/local/lib/python3.13/dist-packages (from torch-geometric==2.7.0->-r /content/DeepMzyme_metal_pilot/requirements/colab-overlay.txt (line 2)) (4.0.1)
Collecting biotraj<2.0,>=1.0 (from biotite==1.6.0->-r /content/DeepMzyme_metal_pilot/requirements/colab-overlay.txt (line 4))
  Downloading biotraj-1.2.2-cp313-cp313-manylinux_2_17_x86_64.manylinux2014_x86_64.whl.metadata (32 kB)
Requirement already satisfied: msgpack>=0.5.6 in /usr/local/lib/python3.13/dist-packages (from biotite==1.6.0->-r /content/DeepMzyme_metal_pilot/requirements/colab-overlay.txt (line 4)) (1.2.2)
Requirement already satisfied: networkx>=2.0 in /usr/local/lib/python3.13/dist-packages (from biotite==1.6.0->-r /content/DeepMzyme_metal_pilot/requirements/colab-overlay.txt (line 4)) (3.6.1)
Requirement already satisfied: packaging>=24.0 in /usr/local/lib/python3.13/dist-packages (from biotite==1.6.0->-r /content/DeepMzyme_metal_pilot/requirements/colab-overlay.txt (line 4)) (26.3)
Requirement already satisfied: scipy>=1.10.0 in /usr/local/lib/python3.13/dist-packages (from scikit-learn==1.8.0->-r /content/DeepMzyme_metal_pilot/requirements/colab-overlay.txt (line 8)) (1.16.3)
Requirement already satisfied: joblib>=1.3.0 in /usr/local/lib/python3.13/dist-packages (from scikit-learn==1.8.0->-r /content/DeepMzyme_metal_pilot/requirements/colab-overlay.txt (line 8)) (1.6.0)
Requirement already satisfied: threadpoolctl>=3.2.0 in /usr/local/lib/python3.13/dist-packages (from scikit-learn==1.8.0->-r /content/DeepMzyme_metal_pilot/requirements/colab-overlay.txt (line 8)) (3.6.0)
Collecting alembic>=1.5.0 (from optuna==4.8.0->-r /content/DeepMzyme_metal_pilot/requirements/colab-overlay.txt (line 9))
  Downloading alembic-1.20.0-py3-none-any.whl.metadata (7.3 kB)
Collecting colorlog (from optuna==4.8.0->-r /content/DeepMzyme_metal_pilot/requirements/colab-overlay.txt (line 9))
  Downloading colorlog-6.12.0-py3-none-any.whl.metadata (11 kB)
Requirement already satisfied: sqlalchemy>=1.4.2 in /usr/local/lib/python3.13/dist-packages (from optuna==4.8.0->-r /content/DeepMzyme_metal_pilot/requirements/colab-overlay.txt (line 9)) (2.0.52)
Requirement already satisfied: PyYAML in /usr/local/lib/python3.13/dist-packages (from optuna==4.8.0->-r /content/DeepMzyme_metal_pilot/requirements/colab-overlay.txt (line 9)) (6.0.3)
Requirement already satisfied: python-dateutil>=2.8.2 in /usr/local/lib/python3.13/dist-packages (from pandas==3.0.1->-r /content/DeepMzyme_metal_pilot/requirements/colab-overlay.txt (line 10)) (2.9.0.post0)
Requirement already satisfied: contourpy>=1.0.1 in /usr/local/lib/python3.13/dist-packages (from matplotlib==3.10.9->-r /content/DeepMzyme_metal_pilot/requirements/colab-overlay.txt (line 11)) (1.3.3)
Requirement already satisfied: cycler>=0.10 in /usr/local/lib/python3.13/dist-packages (from matplotlib==3.10.9->-r /content/DeepMzyme_metal_pilot/requirements/colab-overlay.txt (line 11)) (0.12.1)
Requirement already satisfied: fonttools>=4.22.0 in /usr/local/lib/python3.13/dist-packages (from matplotlib==3.10.9->-r /content/DeepMzyme_metal_pilot/requirements/colab-overlay.txt (line 11)) (4.64.0)
Requirement already satisfied: kiwisolver>=1.3.1 in /usr/local/lib/python3.13/dist-packages (from matplotlib==3.10.9->-r /content/DeepMzyme_metal_pilot/requirements/colab-overlay.txt (line 11)) (1.5.1)
Requirement already satisfied: pillow>=8 in /usr/local/lib/python3.13/dist-packages (from matplotlib==3.10.9->-r /content/DeepMzyme_metal_pilot/requirements/colab-overlay.txt (line 11)) (11.3.0)
Requirement already satisfied: Mako in /usr/lib/python3/dist-packages (from alembic>=1.5.0->optuna==4.8.0->-r /content/DeepMzyme_metal_pilot/requirements/colab-overlay.txt (line 9)) (1.3.2.dev0)
Requirement already satisfied: typing-extensions>=4.12 in /usr/local/lib/python3.13/dist-packages (from alembic>=1.5.0->optuna==4.8.0->-r /content/DeepMzyme_metal_pilot/requirements/colab-overlay.txt (line 9)) (4.16.0)
Requirement already satisfied: cloudpickle>=3.0 in /usr/local/lib/python3.13/dist-packages (from joblib>=1.3.0->scikit-learn==1.8.0->-r /content/DeepMzyme_metal_pilot/requirements/colab-overlay.txt (line 8)) (3.1.2)
Requirement already satisfied: six>=1.5 in /usr/local/lib/python3.13/dist-packages (from python-dateutil>=2.8.2->pandas==3.0.1->-r /content/DeepMzyme_metal_pilot/requirements/colab-overlay.txt (line 10)) (1.17.0)
Requirement already satisfied: charset_normalizer<4,>=2 in /usr/local/lib/python3.13/dist-packages (from requests->torch-geometric==2.7.0->-r /content/DeepMzyme_metal_pilot/requirements/colab-overlay.txt (line 2)) (3.4.9)
Requirement already satisfied: idna<4,>=2.5 in /usr/local/lib/python3.13/dist-packages (from requests->torch-geometric==2.7.0->-r /content/DeepMzyme_metal_pilot/requirements/colab-overlay.txt (line 2)) (3.19)
Requirement already satisfied: urllib3<3,>=1.21.1 in /usr/local/lib/python3.13/dist-packages (from requests->torch-geometric==2.7.0->-r /content/DeepMzyme_metal_pilot/requirements/colab-overlay.txt (line 2)) (2.5.0)
Requirement already satisfied: certifi>=2017.4.17 in /usr/local/lib/python3.13/dist-packages (from requests->torch-geometric==2.7.0->-r /content/DeepMzyme_metal_pilot/requirements/colab-overlay.txt (line 2)) (2026.7.22)
Requirement already satisfied: greenlet>=1 in /usr/local/lib/python3.13/dist-packages (from sqlalchemy>=1.4.2->optuna==4.8.0->-r /content/DeepMzyme_metal_pilot/requirements/colab-overlay.txt (line 9)) (3.5.5)
Requirement already satisfied: aiohappyeyeballs>=2.5.0 in /usr/local/lib/python3.13/dist-packages (from aiohttp->torch-geometric==2.7.0->-r /content/DeepMzyme_metal_pilot/requirements/colab-overlay.txt (line 2)) (2.7.1)
Requirement already satisfied: aiosignal>=1.4.0 in /usr/local/lib/python3.13/dist-packages (from aiohttp->torch-geometric==2.7.0->-r /content/DeepMzyme_metal_pilot/requirements/colab-overlay.txt (line 2)) (1.4.0)
Requirement already satisfied: attrs>=17.3.0 in /usr/local/lib/python3.13/dist-packages (from aiohttp->torch-geometric==2.7.0->-r /content/DeepMzyme_metal_pilot/requirements/colab-overlay.txt (line 2)) (26.1.0)
Requirement already satisfied: frozenlist>=1.1.1 in /usr/local/lib/python3.13/dist-packages (from aiohttp->torch-geometric==2.7.0->-r /content/DeepMzyme_metal_pilot/requirements/colab-overlay.txt (line 2)) (1.8.0)
Requirement already satisfied: multidict<7.0,>=4.5 in /usr/local/lib/python3.13/dist-packages (from aiohttp->torch-geometric==2.7.0->-r /content/DeepMzyme_metal_pilot/requirements/colab-overlay.txt (line 2)) (6.7.1)
Requirement already satisfied: propcache>=0.2.0 in /usr/local/lib/python3.13/dist-packages (from aiohttp->torch-geometric==2.7.0->-r /content/DeepMzyme_metal_pilot/requirements/colab-overlay.txt (line 2)) (0.5.2)
Requirement already satisfied: yarl<2.0,>=1.17.0 in /usr/local/lib/python3.13/dist-packages (from aiohttp->torch-geometric==2.7.0->-r /content/DeepMzyme_metal_pilot/requirements/colab-overlay.txt (line 2)) (1.24.5)
Requirement already satisfied: MarkupSafe>=2.0 in /usr/local/lib/python3.13/dist-packages (from jinja2->torch-geometric==2.7.0->-r /content/DeepMzyme_metal_pilot/requirements/colab-overlay.txt (line 2)) (3.0.3)
Downloading torch_geometric-2.7.0-py3-none-any.whl (1.3 MB)
   ━━━━━━━━━━━━━━━━━━━━━━━━━━━━━━━━━━━━━━━━ 1.3/1.3 MB 65.9 MB/s eta 0:00:00
Downloading biopython-1.86-cp313-cp313-manylinux2014_x86_64.manylinux_2_17_x86_64.manylinux_2_28_x86_64.whl (3.2 MB)
   ━━━━━━━━━━━━━━━━━━━━━━━━━━━━━━━━━━━━━━━━ 3.2/3.2 MB 139.4 MB/s eta 0:00:00
Downloading biotite-1.6.0-cp313-cp313-manylinux_2_24_x86_64.manylinux_2_28_x86_64.whl (57.2 MB)
   ━━━━━━━━━━━━━━━━━━━━━━━━━━━━━━━━━━━━━━━━ 57.2/57.2 MB 8.5 MB/s eta 0:00:00
Downloading propka-3.5.1-py3-none-any.whl (104 kB)
   ━━━━━━━━━━━━━━━━━━━━━━━━━━━━━━━━━━━━━━━━ 104.1/104.1 kB 15.2 MB/s eta 0:00:00
Downloading gemmi-0.7.3-cp313-cp313-manylinux_2_27_x86_64.manylinux_2_28_x86_64.whl (2.6 MB)
   ━━━━━━━━━━━━━━━━━━━━━━━━━━━━━━━━━━━━━━━━ 2.6/2.6 MB 169.1 MB/s eta 0:00:00
Downloading numpy-2.4.4-cp313-cp313-manylinux_2_27_x86_64.manylinux_2_28_x86_64.whl (16.6 MB)
   ━━━━━━━━━━━━━━━━━━━━━━━━━━━━━━━━━━━━━━━━ 16.6/16.6 MB 264.4 MB/s eta 0:00:00
Downloading scikit_learn-1.8.0-cp313-cp313-manylinux_2_27_x86_64.manylinux_2_28_x86_64.whl (8.9 MB)
   ━━━━━━━━━━━━━━━━━━━━━━━━━━━━━━━━━━━━━━━━ 8.9/8.9 MB 300.6 MB/s eta 0:00:00
Downloading optuna-4.8.0-py3-none-any.whl (419 kB)
   ━━━━━━━━━━━━━━━━━━━━━━━━━━━━━━━━━━━━━━━━ 419.5/419.5 kB 60.3 MB/s eta 0:00:00
Downloading pandas-3.0.1-cp313-cp313-manylinux_2_24_x86_64.manylinux_2_28_x86_64.whl (10.9 MB)
   ━━━━━━━━━━━━━━━━━━━━━━━━━━━━━━━━━━━━━━━━ 10.9/10.9 MB 317.2 MB/s eta 0:00:00
Downloading matplotlib-3.10.9-cp313-cp313-manylinux2014_x86_64.manylinux_2_17_x86_64.whl (8.8 MB)
   ━━━━━━━━━━━━━━━━━━━━━━━━━━━━━━━━━━━━━━━━ 8.8/8.8 MB 264.2 MB/s eta 0:00:00
Downloading alembic-1.20.0-py3-none-any.whl (268 kB)
   ━━━━━━━━━━━━━━━━━━━━━━━━━━━━━━━━━━━━━━━━ 268.7/268.7 kB 41.2 MB/s eta 0:00:00
Downloading biotraj-1.2.2-cp313-cp313-manylinux_2_17_x86_64.manylinux2014_x86_64.whl (2.2 MB)
   ━━━━━━━━━━━━━━━━━━━━━━━━━━━━━━━━━━━━━━━━ 2.2/2.2 MB 161.7 MB/s eta 0:00:00
Downloading colorlog-6.12.0-py3-none-any.whl (12 kB)
Installing collected packages: propka, numpy, gemmi, colorlog, pandas, biopython, alembic, torch-geometric, scikit-learn, optuna, matplotlib, biotraj, biotite
  Attempting uninstall: numpy
    Found existing installation: numpy 2.1.3
    Uninstalling numpy-2.1.3:
      Successfully uninstalled numpy-2.1.3
  Attempting uninstall: pandas
    Found existing installation: pandas 2.2.3
    Uninstalling pandas-2.2.3:
      Successfully uninstalled pandas-2.2.3
  Attempting uninstall: scikit-learn
    Found existing installation: scikit-learn 1.6.1
    Uninstalling scikit-learn-1.6.1:
      Successfully uninstalled scikit-learn-1.6.1
  Attempting uninstall: matplotlib
    Found existing installation: matplotlib 3.10.0
    Uninstalling matplotlib-3.10.0:
      Successfully uninstalled matplotlib-3.10.0
ERROR: pip's dependency resolver does not currently take into account all the packages that are installed. This behaviour is the source of the following dependency conflicts.
google-colab 1.0.0 requires pandas==2.2.3, but you have pandas 3.0.1 which is incompatible.
cudf-cu12 26.2.1 requires pandas<2.4.0,>=2.0, but you have pandas 3.0.1 which is incompatible.
dask-cudf-cu12 26.2.1 requires pandas<2.4.0,>=2.0, but you have pandas 3.0.1 which is incompatible.
numba 0.61.2 requires numpy<2.3,>=1.24, but you have numpy 2.4.4 which is incompatible.
Successfully installed alembic-1.20.0 biopython-1.86 biotite-1.6.0 biotraj-1.2.2 colorlog-6.12.0 gemmi-0.7.3 matplotlib-3.10.9 numpy-2.4.4 optuna-4.8.0 pandas-3.0.1 propka-3.5.1 scikit-learn-1.8.0 torch-geometric-2.7.0
Downloading pinned v12 data bundle
Traceback (most recent call last):
  File "/content/DeepMzyme_metal_pilot/src/run_metal_architecture_pilot.py", line 829, in <module>
    main()
    ~~~~^^
  File "/content/DeepMzyme_metal_pilot/src/run_metal_architecture_pilot.py", line 813, in main
    result = plan(root, args.data_root, args.output_dir, args.source_commit,
                  args.external_features_root_dir, args.feature_overlay_manifest)
  File "/content/DeepMzyme_metal_pilot/src/run_metal_architecture_pilot.py", line 193, in plan
    templates = _templates(root, data, output, external_root)
  File "/content/DeepMzyme_metal_pilot/src/run_metal_architecture_pilot.py", line 181, in _templates
    exec(cells["75e1f97ec96a047f"], ns)
    ~~~~^^^^^^^^^^^^^^^^^^^^^^^^^^^^^^^
  File "<string>", line 2025, in <module>
NameError: name 'DRIVE_ROOT_PATH' is not defined
Traceback (most recent call last):
  File "/content/colab_metal_pilot_bootstrap.py", line 130, in <module>
    main()
    ~~~~^^
  File "/content/colab_metal_pilot_bootstrap.py", line 118, in main
    subprocess.run([sys.executable, str(root / "src/run_metal_architecture_pilot.py"), "plan",
    ~~~~~~~~~~~~~~^^^^^^^^^^^^^^^^^^^^^^^^^^^^^^^^^^^^^^^^^^^^^^^^^^^^^^^^^^^^^^^^^^^^^^^^^^^^
                    "--data-root", str(data), "--output-dir", str(output),
                    ^^^^^^^^^^^^^^^^^^^^^^^^^^^^^^^^^^^^^^^^^^^^^^^^^^^^^^
                    "--source-commit", snapshot["base_commit"] + ":snapshot:" + config["source_sha256"],
                    ^^^^^^^^^^^^^^^^^^^^^^^^^^^^^^^^^^^^^^^^^^^^^^^^^^^^^^^^^^^^^^^^^^^^^^^^^^^^^^^^^^^^
                    "--external-features-root-dir", config["external_features_root_dir"],
                    ^^^^^^^^^^^^^^^^^^^^^^^^^^^^^^^^^^^^^^^^^^^^^^^^^^^^^^^^^^^^^^^^^^^^^
                    "--feature-overlay-manifest", config["feature_overlay_manifest"]], check=True)
                    ^^^^^^^^^^^^^^^^^^^^^^^^^^^^^^^^^^^^^^^^^^^^^^^^^^^^^^^^^^^^^^^^^^^^^^^^^^^^^^
  File "/usr/lib/python3.13/subprocess.py", line 577, in run
    raise CalledProcessError(retcode, process.args,
                             output=stdout, stderr=stderr)
subprocess.CalledProcessError: Command '['/usr/bin/python3', '/content/DeepMzyme_metal_pilot/src/run_metal_architecture_pilot.py', 'plan', '--data-root', '/content/deepmzyme_bundle/DeepMzyme_Data', '--output-dir', '/content/metal_architecture_pilot_10h_v1', '--source-commit', '270fa90f68ee943541367f4ba62861047d713883:snapshot:e7a7428902529d323b3ebf0b6740a2ccb9cc31fafe2ede194a21b566fb3753d2', '--external-features-root-dir', '/content/metal_architecture_pilot_features/external_overlay', '--feature-overlay-manifest', '/content/metal_architecture_pilot_features/external_overlay/feature_overlay_manifest.json']' returned non-zero exit status 1.
