Create directory /home/mechti/PycharmProjects/DeepMzyme/DeepMzyme_Data/notebook_outputs/remote_homology_v1/metal/tmp
easy-search /home/mechti/PycharmProjects/DeepMzyme/DeepMzyme_Data/notebook_outputs/remote_homology_v1/metal/development.fasta /home/mechti/PycharmProjects/DeepMzyme/DeepMzyme_Data/notebook_outputs/remote_homology_v1/metal/development.fasta /home/mechti/PycharmProjects/DeepMzyme/DeepMzyme_Data/notebook_outputs/remote_homology_v1/metal/alignments.tsv /home/mechti/PycharmProjects/DeepMzyme/DeepMzyme_Data/notebook_outputs/remote_homology_v1/metal/tmp --search-type 1 -s 7.5 -e 0.001 --alignment-mode 3 --seq-id-mode 0 -a 1 --min-seq-id 0 --min-aln-len 50 -c 0 --cov-mode 0 --mask 1 --comp-bias-corr 1 --max-seqs 1000000 --max-accept 1000000 --max-rejected 1000000 --threads 2 --split-memory-limit 2G --format-mode 4 --format-output query,target,nident,alnlen,qstart,qend,qlen,tstart,tend,tlen,evalue,bits,qaln,taln 

MMseqs Version:                        	8cc5ce367b5638c4306c2d7cfc652dd099a4643f
Substitution matrix                    	aa:blosum62.out,nucl:nucleotide.out
Add backtrace                          	true
Alignment mode                         	3
Alignment mode                         	0
Allow wrapped scoring                  	false
E-value threshold                      	0.001
Seq. id. threshold                     	0
Min alignment length                   	50
Seq. id. mode                          	0
Alternative alignments                 	0
Coverage threshold                     	0
Coverage mode                          	0
Max sequence length                    	65535
Compositional bias                     	1
Compositional bias scale               	1
Max reject                             	1000000
Max accept                             	1000000
Include identical seq. id.             	false
Preload mode                           	0
Pseudo count a                         	substitution:1.100,context:1.400
Pseudo count b                         	substitution:4.100,context:5.800
Score bias                             	0
Realign hits                           	false
Realign score bias                     	-0.2
Realign max seqs                       	2147483647
Correlation score weight               	0
Gap open cost                          	aa:11,nucl:5
Gap extension cost                     	aa:1,nucl:2
Zdrop                                  	40
Threads                                	2
Compressed                             	0
Verbosity                              	3
Seed substitution matrix               	aa:VTML80.out,nucl:nucleotide.out
Sensitivity                            	7.5
k-mer length                           	0
Target search mode                     	0
k-score                                	seq:2147483647,prof:2147483647
Alphabet size                          	aa:21,nucl:5
Max results per query                  	1000000
Split database                         	0
Split mode                             	2
Split memory limit                     	2G
Diagonal scoring                       	true
Exact k-mer matching                   	0
Mask residues                          	1
Mask residues probability              	0.9
Mask lower case residues               	0
Mask lower letter repeating N times    	0
Minimum diagonal score                 	15
Selected taxa                          	
Spaced k-mers                          	1
Spaced k-mer pattern                   	
Local temporary path                   	
Use GPU                                	0
Use GPU server                         	0
Wait for GPU server                    	600
Prefilter mode                         	0
Rescore mode                           	0
Remove hits by seq. id. and coverage   	false
Sort results                           	0
Mask profile                           	1
Profile E-value threshold              	0.001
Global sequence weighting              	false
Allow deletions                        	false
Filter MSA                             	1
Use filter only at N seqs              	0
Maximum seq. id. threshold             	0.9
Minimum seq. id.                       	0.0
Minimum score per column               	-20
Minimum coverage                       	0
Select N most diverse seqs             	1000
Pseudo count mode                      	0
Profile output mode                    	0
Min codons in orf                      	30
Max codons in length                   	32734
Max orf gaps                           	2147483647
Contig start mode                      	2
Contig end mode                        	2
Orf start mode                         	1
Forward frames                         	1,2,3
Reverse frames                         	1,2,3
Translation table                      	1
Translate orf                          	0
Use all table starts                   	false
Offset of numeric ids                  	0
Create lookup                          	0
Overlap between sequences              	0
Sequence split mode                    	1
Header split mode                      	0
Chain overlapping alignments           	0
Merge query                            	1
Search type                            	1
Search iterations                      	1
Start sensitivity                      	4
Search steps                           	1
Exhaustive search mode                 	false
Filter results during exhaustive search	0
Strand selection                       	1
LCA search mode                        	false
Disk space limit                       	0
MPI runner                             	
Force restart with latest tmp          	false
Remove temporary files                 	true
Translation mode                       	0
Alignment format                       	4
Format alignment output                	query,target,nident,alnlen,qstart,qend,qlen,tstart,tend,tlen,evalue,bits,qaln,taln
Database output                        	false
Overlap threshold                      	0
Database type                          	0
Shuffle input database                 	true
Createdb mode                          	0
Write lookup file                      	0
Greedy best hits                       	false

Alignment backtraces will be computed, since they were requested by output format.
createdb /home/mechti/PycharmProjects/DeepMzyme/DeepMzyme_Data/notebook_outputs/remote_homology_v1/metal/development.fasta /home/mechti/PycharmProjects/DeepMzyme/DeepMzyme_Data/notebook_outputs/remote_homology_v1/metal/tmp/5827767634235629156/query --threads 2 --mask 1 

Converting sequences
[
Time for merging to query_h: 0h 0m 0s 2ms
Time for merging to query: 0h 0m 0s 2ms
Database type: Aminoacid
Time for processing: 0h 0m 0s 16ms
createdb /home/mechti/PycharmProjects/DeepMzyme/DeepMzyme_Data/notebook_outputs/remote_homology_v1/metal/development.fasta /home/mechti/PycharmProjects/DeepMzyme/DeepMzyme_Data/notebook_outputs/remote_homology_v1/metal/tmp/5827767634235629156/target --write-lookup 0 --threads 2 --mask 1 --gpu 0 

Converting sequences
[
Time for merging to target_h: 0h 0m 0s 2ms
Time for merging to target: 0h 0m 0s 2ms
Database type: Aminoacid
Time for processing: 0h 0m 0s 15ms
Create directory /home/mechti/PycharmProjects/DeepMzyme/DeepMzyme_Data/notebook_outputs/remote_homology_v1/metal/tmp/5827767634235629156/search_tmp
search /home/mechti/PycharmProjects/DeepMzyme/DeepMzyme_Data/notebook_outputs/remote_homology_v1/metal/tmp/5827767634235629156/query /home/mechti/PycharmProjects/DeepMzyme/DeepMzyme_Data/notebook_outputs/remote_homology_v1/metal/tmp/5827767634235629156/target /home/mechti/PycharmProjects/DeepMzyme/DeepMzyme_Data/notebook_outputs/remote_homology_v1/metal/tmp/5827767634235629156/result /home/mechti/PycharmProjects/DeepMzyme/DeepMzyme_Data/notebook_outputs/remote_homology_v1/metal/tmp/5827767634235629156/search_tmp -a 1 --alignment-mode 3 -e 0.001 --min-seq-id 0 --min-aln-len 50 --seq-id-mode 0 -c 0 --cov-mode 0 --comp-bias-corr 1 --max-rejected 1000000 --max-accept 1000000 --threads 2 -s 7.5 --max-seqs 1000000 --split-memory-limit 2G --mask 1 --search-type 1 --remove-tmp-files 1 

prefilter /home/mechti/PycharmProjects/DeepMzyme/DeepMzyme_Data/notebook_outputs/remote_homology_v1/metal/tmp/5827767634235629156/query /home/mechti/PycharmProjects/DeepMzyme/DeepMzyme_Data/notebook_outputs/remote_homology_v1/metal/tmp/5827767634235629156/target /home/mechti/PycharmProjects/DeepMzyme/DeepMzyme_Data/notebook_outputs/remote_homology_v1/metal/tmp/5827767634235629156/search_tmp/11771711939223156776/pref_0 --sub-mat 'aa:blosum62.out,nucl:nucleotide.out' --seed-sub-mat 'aa:VTML80.out,nucl:nucleotide.out' -k 0 --target-search-mode 0 --k-score seq:2147483647,prof:2147483647 --alph-size aa:21,nucl:5 --max-seq-len 65535 --max-seqs 1000000 --split 0 --split-mode 2 --split-memory-limit 2G -c 0 --cov-mode 0 --comp-bias-corr 1 --comp-bias-corr-scale 1 --diag-score 1 --exact-kmer-matching 0 --mask 1 --mask-prob 0.9 --mask-lower-case 0 --mask-n-repeat 0 --min-ungapped-score 15 --add-self-matches 0 --spaced-kmer-mode 1 --db-load-mode 0 --pca substitution:1.100,context:1.400 --pcb substitution:4.100,context:5.800 --threads 2 --compressed 0 -v 3 -s 7.5 

Query database size: 1270 type: Aminoacid
Estimated memory consumption: 981M
Target database size: 1270 type: Aminoacid
Index table k-mer threshold: 96 at k-mer size 6 
Index table: counting k-mers
[=================================================================] 1.27K 0s 50ms
Index table: Masked residues: 249
Index table: fill
[=================================================================] 1.27K 0s 56ms
Index statistics
Entries:          461090
DB size:          490 MB
Avg k-mer size:   0.007205
Top 10 k-mers
    AKAGKP	52
    AVELLQ	52
    VERNLR	52
    ADLSIE	51
    AVVEAA	50
    PPTLCA	50
    NPLNCA	50
    RLSRCA	50
    YDHMDA	50
    RCATDA	50
Time for index table init: 0h 0m 0s 811ms
Process prefiltering step 1 of 1

k-mer similarity threshold: 96
Starting prefiltering scores calculation (step 1 of 1)
Query db start 1 to 1270
Target db start 1 to 1270
[=================================================================] 1.27K 20s 444ms

2127.408177 k-mers per position
8966 DB matches per sequence
0 overflows
102 sequences passed prefiltering per query sequence
100 median result list length
0 sequences with 0 size result lists
Time for merging to pref_0: 0h 0m 0s 0ms
Time for processing: 0h 0m 23s 180ms
align /home/mechti/PycharmProjects/DeepMzyme/DeepMzyme_Data/notebook_outputs/remote_homology_v1/metal/tmp/5827767634235629156/query /home/mechti/PycharmProjects/DeepMzyme/DeepMzyme_Data/notebook_outputs/remote_homology_v1/metal/tmp/5827767634235629156/target /home/mechti/PycharmProjects/DeepMzyme/DeepMzyme_Data/notebook_outputs/remote_homology_v1/metal/tmp/5827767634235629156/search_tmp/11771711939223156776/pref_0 /home/mechti/PycharmProjects/DeepMzyme/DeepMzyme_Data/notebook_outputs/remote_homology_v1/metal/tmp/5827767634235629156/result --sub-mat 'aa:blosum62.out,nucl:nucleotide.out' -a 1 --alignment-mode 3 --alignment-output-mode 0 --wrapped-scoring 0 -e 0.001 --min-seq-id 0 --min-aln-len 50 --seq-id-mode 0 --alt-ali 0 -c 0 --cov-mode 0 --max-seq-len 65535 --comp-bias-corr 1 --comp-bias-corr-scale 1 --max-rejected 1000000 --max-accept 1000000 --add-self-matches 0 --db-load-mode 0 --pca substitution:1.100,context:1.400 --pcb substitution:4.100,context:5.800 --score-bias 0 --realign 0 --realign-score-bias -0.2 --realign-max-seqs 2147483647 --corr-score-weight 0 --gap-open aa:11,nucl:5 --gap-extend aa:1,nucl:2 --zdrop 40 --threads 2 --compressed 0 -v 3 

Compute score, coverage and sequence identity
Query database size: 1270 type: Aminoacid
Target database size: 1270 type: Aminoacid
Calculation of alignments
[=================================================================] 1.27K 8s 26ms
Time for merging to result: 0h 0m 0s 0ms
130512 alignments calculated
18076 sequence pairs passed the thresholds (0.138501 of overall calculated)
14.233071 hits per query sequence
Time for processing: 0h 0m 8s 57ms
rmdb /home/mechti/PycharmProjects/DeepMzyme/DeepMzyme_Data/notebook_outputs/remote_homology_v1/metal/tmp/5827767634235629156/search_tmp/11771711939223156776/pref_0 -v 3 

Time for processing: 0h 0m 0s 0ms
rmdb /home/mechti/PycharmProjects/DeepMzyme/DeepMzyme_Data/notebook_outputs/remote_homology_v1/metal/tmp/5827767634235629156/search_tmp/11771711939223156776/aln_0 -v 3 

Time for processing: 0h 0m 0s 0ms
rmdb /home/mechti/PycharmProjects/DeepMzyme/DeepMzyme_Data/notebook_outputs/remote_homology_v1/metal/tmp/5827767634235629156/search_tmp/11771711939223156776/input_0 -v 3 

Time for processing: 0h 0m 0s 0ms
rmdb /home/mechti/PycharmProjects/DeepMzyme/DeepMzyme_Data/notebook_outputs/remote_homology_v1/metal/tmp/5827767634235629156/search_tmp/11771711939223156776/aln_merge -v 3 

Time for processing: 0h 0m 0s 0ms
convertalis /home/mechti/PycharmProjects/DeepMzyme/DeepMzyme_Data/notebook_outputs/remote_homology_v1/metal/tmp/5827767634235629156/query /home/mechti/PycharmProjects/DeepMzyme/DeepMzyme_Data/notebook_outputs/remote_homology_v1/metal/tmp/5827767634235629156/target /home/mechti/PycharmProjects/DeepMzyme/DeepMzyme_Data/notebook_outputs/remote_homology_v1/metal/tmp/5827767634235629156/result /home/mechti/PycharmProjects/DeepMzyme/DeepMzyme_Data/notebook_outputs/remote_homology_v1/metal/alignments.tsv --sub-mat 'aa:blosum62.out,nucl:nucleotide.out' --format-mode 4 --format-output query,target,nident,alnlen,qstart,qend,qlen,tstart,tend,tlen,evalue,bits,qaln,taln --translation-table 1 --gap-open aa:11,nucl:5 --gap-extend aa:1,nucl:2 --db-output 0 --db-load-mode 0 --search-type 1 --threads 2 --compressed 0 -v 3 

[=================================================================] 1.27K 0s 98ms
Time for merging to alignments.tsv: 0h 0m 0s 12ms
Time for processing: 0h 0m 0s 131ms
rmdb /home/mechti/PycharmProjects/DeepMzyme/DeepMzyme_Data/notebook_outputs/remote_homology_v1/metal/tmp/5827767634235629156/result -v 3 

Time for processing: 0h 0m 0s 0ms
rmdb /home/mechti/PycharmProjects/DeepMzyme/DeepMzyme_Data/notebook_outputs/remote_homology_v1/metal/tmp/5827767634235629156/target -v 3 

Time for processing: 0h 0m 0s 0ms
rmdb /home/mechti/PycharmProjects/DeepMzyme/DeepMzyme_Data/notebook_outputs/remote_homology_v1/metal/tmp/5827767634235629156/target_h -v 3 

Time for processing: 0h 0m 0s 0ms
rmdb /home/mechti/PycharmProjects/DeepMzyme/DeepMzyme_Data/notebook_outputs/remote_homology_v1/metal/tmp/5827767634235629156/query -v 3 

Time for processing: 0h 0m 0s 0ms
rmdb /home/mechti/PycharmProjects/DeepMzyme/DeepMzyme_Data/notebook_outputs/remote_homology_v1/metal/tmp/5827767634235629156/query_h -v 3 

Time for processing: 0h 0m 0s 0ms
